// Jest Snapshot v1, https://goo.gl/fbAQLP

exports[`App Component renders correctly without error 1`] = `[Function]`;

exports[`Should Render <App /> renders correctly without error 1`] = `[Function]`;
